
> airport-taxi-tours@1.0.0 build
> next build

   Γû▓ Next.js 15.5.9
   - Environments: .env.local

   Creating an optimized production build ...
node.exe : Failed to 
compile.
At line:1 char:1
+ & "C:\nvm4w\nodejs/n
ode.exe" "C:\nvm4w\nod
ejs/node_modules/npm/b
in/np ...
+ ~~~~~~~~~~~~~~~~~~~~
~~~~~~~~~~~~~~~~~~~~~~
~~~~~~~~~~~~~~~~~~~~~~
~~~~~
    + CategoryInfo    
          : NotSpeci  
  fied: (Failed to    
 compile.:String)     
[], RemoteExcepti    
on
    + FullyQualifiedE 
   rrorId : NativeCo  
  mmandError
 

./src/app/blog/[slug]/
page.js
Module not found: 
Can't resolve '../../.
./server/config/db'

https://nextjs.org/doc
s/messages/module-not-
found

./src/app/blog/[slug]/
page.js
Module not found: 
Can't resolve 
'../../models/Post'

https://nextjs.org/doc
s/messages/module-not-
found

./src/components/Booki
ngForm.jsx
Error:   [31mx[0m 
You're importing a 
component that needs 
`useState`. This 
React Hook only works 
in a Client 
Component. To fix, 
mark the file (or its 
parent) with the 
`"use client"` 
directive.
  [31m|[0m
  [31m|[0m  Learn 
more: https://nextjs.o
rg/docs/app/api-refere
nce/directives/use-cli
ent
  [31m|[0m

   ,-[[36;1;4mE:\dev\
Airport Taxi tours\src
\components\BookingFor
m.jsx[0m:1:1]
 [2m1[0m | import 
React, { useState } 
from 'react'
   : [35;1m          
      ^^^^^^^^[0m
 [2m2[0m | import 
DatePicker from 
'react-datepicker'
 [2m3[0m | import 'r
eact-datepicker/dist/r
eact-datepicker.css'
 [2m3[0m | 
   `----

Import trace for 
requested module:
./src/components/Booki
ngForm.jsx
./src/pages/Contact.js
x
./src/app/contact/page
.js


> Build failed 
because of webpack 
errors
